# Logfile created on 2026-01-13 16:36:35 +0300 by logger.rb/v1.5.3
2026-01-13 16:36:35 [INFO] MySQL подключение установлено
2026-01-13 16:36:35 [INFO] Добавление студента: Фамилия и инициалы: Грибов Г., Контакт: phone - +79990001111
2026-01-13 16:36:35 [ERROR] Ошибка в add_student: Ошибка уникальности студента
2026-01-13 16:37:18 [INFO] MySQL подключение установлено
2026-01-13 16:37:18 [INFO] Добавление студента: Фамилия и инициалы: Галустянов Г. Г.
2026-01-13 16:37:18 [DEBUG] Студент успешно добавлен
2026-01-13 16:37:18 [INFO] Поиск студента по id=1
2026-01-13 16:37:18 [DEBUG] Найден студент: {:id=>1, :last_name=>"Иванов", :first_name=>"Иван", :phone=>"+79990001111", :email=>"ivan@example.com", :git=>"https://github.com/ivanov"}
2026-01-13 16:37:18 [INFO] Получение списка студентов k=5, n=1
2026-01-13 16:37:18 [INFO] Обновление студента id=3
2026-01-13 16:37:18 [DEBUG] Студент id=3 обновлён
2026-01-13 16:37:18 [INFO] Удаление студента id=4
2026-01-13 16:37:18 [DEBUG] Студент id=4 удалён
2026-01-13 16:38:26 [INFO] MySQL подключение установлено
2026-01-13 16:38:26 [INFO] Удаление студента id=1
2026-01-13 16:38:26 [DEBUG] Студент id=1 удалён
2026-01-13 16:38:26 [INFO] Удаление студента id=2
2026-01-13 16:38:26 [DEBUG] Студент id=2 удалён
2026-01-13 16:38:26 [INFO] Удаление студента id=3
2026-01-13 16:38:26 [DEBUG] Студент id=3 удалён
2026-01-13 16:44:15 [INFO] MySQL подключение установлено
2026-01-13 16:44:15 [INFO] Добавление студента: Фамилия и инициалы: Иванов И., Контакт: email - ivan@example.com, Гит:https://github.com/ivanov
2026-01-13 16:44:15 [DEBUG] Студент успешно добавлен
2026-01-13 16:44:15 [INFO] Добавление студента: Фамилия и инициалы: Петров П., Контакт: email - petr@example.com, Гит:https://github.com/petrov
2026-01-13 16:44:15 [DEBUG] Студент успешно добавлен
2026-01-13 16:44:15 [INFO] Добавление студента: Фамилия и инициалы: Сидоров С., Контакт: email - sidor@example.com, Гит:https://github.com/sidorov
2026-01-13 16:44:15 [DEBUG] Студент успешно добавлен
2026-01-13 16:44:49 [INFO] MySQL подключение установлено
2026-01-13 16:44:49 [INFO] Получение списка студентов k=5, n=1
