# Logfile created on 2026-01-13 16:01:04 +0300 by logger.rb/v1.5.3
2026-01-13 16:01:04 [INFO] PostgreSQL подключение установлено
2026-01-13 16:01:04 [INFO] Добавление студента: Фамилия и инициалы: Галустянов Г. Г.
2026-01-13 16:01:04 [DEBUG] Студент успешно добавлен
2026-01-13 16:01:58 [INFO] PostgreSQL подключение установлено
2026-01-13 16:01:58 [INFO] Добавление студента: Фамилия и инициалы: Грибов Г., Контакт: phone - +79990001111
2026-01-13 16:01:58 [ERROR] Ошибка в add_student: uninitialized constant StudentListDBPostgres::UniqueStudentError
2026-01-13 16:02:17 [INFO] PostgreSQL подключение установлено
2026-01-13 16:02:17 [INFO] Добавление студента: Фамилия и инициалы: Грибов Г., Контакт: phone - +79990001111
2026-01-13 16:02:17 [ERROR] Ошибка в add_student: Ошибка уникальности студента
2026-01-13 16:03:40 [INFO] PostgreSQL подключение установлено
2026-01-13 16:04:07 [INFO] PostgreSQL подключение установлено
2026-01-13 16:04:07 [INFO] Поиск студента по id=1
2026-01-13 16:04:07 [DEBUG] Найден студент: {:id=>1, :last_name=>"Иванов", :first_name=>"Иван", :phone=>"+79990001111", :email=>"ivan@example.com", :git=>"https://github.com/ivanov"}
2026-01-13 16:04:17 [INFO] PostgreSQL подключение установлено
2026-01-13 16:04:17 [INFO] Получение списка студентов k=5, n=1
2026-01-13 16:04:32 [INFO] PostgreSQL подключение установлено
2026-01-13 16:04:32 [INFO] Обновление студента id=3
2026-01-13 16:04:32 [DEBUG] Студент id=3 обновлён
2026-01-13 16:04:55 [INFO] PostgreSQL подключение установлено
2026-01-13 16:04:55 [INFO] Удаление студента id=4
2026-01-13 16:04:55 [DEBUG] Студент id=4 удалён
2026-01-13 16:05:06 [INFO] PostgreSQL подключение установлено
2026-01-13 16:05:35 [INFO] PostgreSQL подключение установлено
2026-01-13 16:05:35 [INFO] Получение списка студентов k=5, n=1
2026-01-13 16:10:28 [INFO] PostgreSQL подключение установлено
2026-01-13 16:10:28 [INFO] Удаление студента id=1
2026-01-13 16:10:28 [DEBUG] Студент id=1 удалён
2026-01-13 16:10:28 [INFO] Удаление студента id=2
2026-01-13 16:10:28 [DEBUG] Студент id=2 удалён
2026-01-13 16:10:28 [INFO] Удаление студента id=3
2026-01-13 16:10:28 [DEBUG] Студент id=3 удалён
2026-01-13 16:10:47 [INFO] PostgreSQL подключение установлено
2026-01-13 16:14:37 [INFO] PostgreSQL подключение установлено
2026-01-13 16:14:37 [INFO] Добавление студента: Фамилия и инициалы: Иванов И., Контакт: email - ivan@example.com, Гит:https://github.com/ivanov
2026-01-13 16:14:37 [DEBUG] Студент успешно добавлен
2026-01-13 16:14:37 [INFO] Добавление студента: Фамилия и инициалы: Петров П., Контакт: email - petr@example.com, Гит:https://github.com/petrov
2026-01-13 16:14:37 [DEBUG] Студент успешно добавлен
2026-01-13 16:14:37 [INFO] Добавление студента: Фамилия и инициалы: Сидоров С., Контакт: email - sidor@example.com, Гит:https://github.com/sidorov
2026-01-13 16:14:37 [DEBUG] Студент успешно добавлен
2026-01-13 16:15:02 [INFO] PostgreSQL подключение установлено
2026-01-20 15:27:22 [INFO] PostgreSQL подключение установлено
