# Logfile created on 2026-01-12 20:51:03 +0300 by logger.rb/v1.5.3
2026-01-12 20:51:03 [INFO] SQLite подключение установлено
2026-01-12 20:51:03 [INFO] Добавление студента: Фамилия и инициалы: Иванов И. И., Контакт: phone - +79990001111, Гит:https://github.com/ivanov
2026-01-12 20:51:03 [ERROR] Ошибка в add_student: Неверный формат гита ivanov
2026-01-12 20:52:25 [INFO] SQLite подключение установлено
2026-01-12 20:52:25 [INFO] Добавление студента: Фамилия и инициалы: Иванов И. И., Контакт: phone - +79990001111
2026-01-12 20:52:25 [ERROR] Ошибка в add_student: Неверный формат гита ivanov
2026-01-12 20:53:06 [INFO] SQLite подключение установлено
2026-01-12 20:53:06 [INFO] Добавление студента: Фамилия и инициалы: Иванов И. И., Контакт: phone - +79990001111
2026-01-12 20:53:06 [ERROR] Ошибка в add_student: Неверный формат гита ivanov
2026-01-12 20:57:59 [INFO] SQLite подключение установлено
2026-01-12 20:57:59 [INFO] Добавление студента: Фамилия и инициалы: Иванов И. И., Контакт: phone - +79990001111
2026-01-12 20:57:59 [ERROR] Ошибка в add_student: uninitialized constant StudentListDBSqlite::UniqueStudentError
2026-01-12 21:00:43 [INFO] SQLite подключение установлено
2026-01-12 21:00:43 [INFO] Добавление студента: Фамилия и инициалы: Иванов И. И., Контакт: phone - +79990001111
2026-01-12 21:00:43 [ERROR] Ошибка в add_student: Ошибка уникальности студента
2026-01-12 21:05:52 [INFO] SQLite подключение установлено
2026-01-12 21:05:52 [INFO] Добавление студента: Фамилия и инициалы: Иванов И. И., Контакт: phone - +79999999999
2026-01-12 21:05:52 [ERROR] Ошибка в add_student: ArgumentError
2026-01-12 21:25:57 [INFO] SQLite подключение установлено
2026-01-12 21:25:57 [INFO] Добавление студента: Фамилия и инициалы: Иванов И. И., Контакт: phone - +79999999999
2026-01-12 21:25:57 [ERROR] Ошибка в add_student: ArgumentError
2026-01-12 21:30:35 [INFO] SQLite подключение установлено
2026-01-12 21:30:35 [INFO] Добавление студента: Фамилия и инициалы: Иванов И. И., Контакт: phone - +79999999999
2026-01-12 21:30:35 [ERROR] Ошибка в add_student: ArgumentError
2026-01-12 21:35:58 [INFO] SQLite подключение установлено
2026-01-12 21:35:58 [INFO] Добавление студента: Фамилия и инициалы: Иванов И. И., Контакт: phone - +79999999999
2026-01-12 21:35:58 [ERROR] Ошибка в add_student: ArgumentError
2026-01-12 21:46:56 [INFO] SQLite подключение установлено
2026-01-12 21:49:03 [INFO] SQLite подключение установлено
2026-01-12 21:49:49 [INFO] SQLite подключение установлено
2026-01-12 21:57:38 [INFO] SQLite подключение установлено
2026-01-12 21:57:38 [INFO] Поиск студента по id=1
2026-01-12 21:57:38 [DEBUG] Найден студент: {:id=>1, :last_name=>"Иванов", :first_name=>"Иван", :phone=>"+79990001111", :email=>"ivan@example.com", :git=>"https://github.com/ivanov"}
2026-01-12 21:57:38 [INFO] Получение списка студентов k=5, n=1
2026-01-12 21:57:38 [ERROR] Ошибка get_k_n_student_short_list: wrong number of arguments (given 3, expected 1..2)
2026-01-12 21:57:54 [INFO] SQLite подключение установлено
2026-01-12 21:57:54 [INFO] Поиск студента по id=1
2026-01-12 21:57:54 [DEBUG] Найден студент: {:id=>1, :last_name=>"Иванов", :first_name=>"Иван", :phone=>"+79990001111", :email=>"ivan@example.com", :git=>"https://github.com/ivanov"}
2026-01-12 21:57:54 [INFO] Получение списка студентов k=3, n=1
2026-01-12 21:57:54 [ERROR] Ошибка get_k_n_student_short_list: wrong number of arguments (given 3, expected 1..2)
2026-01-12 22:04:34 [INFO] SQLite подключение установлено
2026-01-12 22:04:34 [INFO] Поиск студента по id=1
2026-01-12 22:04:34 [DEBUG] Найден студент: {:id=>1, :last_name=>"Иванов", :first_name=>"Иван", :phone=>"+79990001111", :email=>"ivan@example.com", :git=>"https://github.com/ivanov"}
2026-01-12 22:04:34 [INFO] Получение списка студентов k=1, n=4
2026-01-12 22:04:34 [ERROR] Ошибка get_k_n_student_short_list: wrong number of arguments (given 3, expected 1..2)
2026-01-12 22:04:44 [INFO] SQLite подключение установлено
2026-01-12 22:04:44 [INFO] Поиск студента по id=1
2026-01-12 22:04:44 [DEBUG] Найден студент: {:id=>1, :last_name=>"Иванов", :first_name=>"Иван", :phone=>"+79990001111", :email=>"ivan@example.com", :git=>"https://github.com/ivanov"}
2026-01-12 22:04:44 [INFO] Получение списка студентов k=5, n=1
2026-01-12 22:04:44 [ERROR] Ошибка get_k_n_student_short_list: wrong number of arguments (given 3, expected 1..2)
2026-01-12 22:18:45 [INFO] SQLite подключение установлено
2026-01-12 22:18:45 [INFO] Поиск студента по id=1
2026-01-12 22:18:45 [DEBUG] Найден студент: {:id=>1, :last_name=>"Иванов", :first_name=>"Иван", :phone=>"+79990001111", :email=>"ivan@example.com", :git=>"https://github.com/ivanov"}
2026-01-12 22:18:45 [INFO] Получение списка студентов k=5, n=1
2026-01-12 22:18:45 [ERROR] Ошибка get_k_n_student_short_list: ArgumentError
2026-01-12 22:22:26 [INFO] SQLite подключение установлено
2026-01-12 22:22:26 [INFO] Поиск студента по id=1
2026-01-12 22:22:26 [DEBUG] Найден студент: {:id=>1, :last_name=>"Иванов", :first_name=>"Иван", :phone=>"+79990001111", :email=>"ivan@example.com", :git=>"https://github.com/ivanov"}
2026-01-12 22:22:26 [INFO] Получение списка студентов k=5, n=1
2026-01-12 22:22:26 [ERROR] Ошибка get_k_n_student_short_list: ArgumentError
2026-01-12 22:27:09 [INFO] SQLite подключение установлено
2026-01-12 22:27:09 [INFO] Поиск студента по id=1
2026-01-12 22:27:09 [DEBUG] Найден студент: {:id=>1, :last_name=>"Иванов", :first_name=>"Иван", :phone=>"+79990001111", :email=>"ivan@example.com", :git=>"https://github.com/ivanov"}
2026-01-12 22:27:09 [INFO] Получение списка студентов k=5, n=1
2026-01-12 22:27:16 [INFO] SQLite подключение установлено
2026-01-12 22:27:16 [INFO] Поиск студента по id=1
2026-01-12 22:27:16 [DEBUG] Найден студент: {:id=>1, :last_name=>"Иванов", :first_name=>"Иван", :phone=>"+79990001111", :email=>"ivan@example.com", :git=>"https://github.com/ivanov"}
2026-01-12 22:27:16 [INFO] Получение списка студентов k=5, n=1
2026-01-12 22:27:25 [INFO] SQLite подключение установлено
2026-01-12 22:27:25 [INFO] Поиск студента по id=1
2026-01-12 22:27:25 [DEBUG] Найден студент: {:id=>1, :last_name=>"Иванов", :first_name=>"Иван", :phone=>"+79990001111", :email=>"ivan@example.com", :git=>"https://github.com/ivanov"}
2026-01-12 22:27:25 [INFO] Получение списка студентов k=5, n=1
2026-01-12 22:27:41 [INFO] SQLite подключение установлено
2026-01-12 22:27:41 [INFO] Поиск студента по id=1
2026-01-12 22:27:41 [DEBUG] Найден студент: {:id=>1, :last_name=>"Иванов", :first_name=>"Иван", :phone=>"+79990001111", :email=>"ivan@example.com", :git=>"https://github.com/ivanov"}
2026-01-12 22:27:41 [INFO] Получение списка студентов k=1, n=4
2026-01-12 22:27:41 [ERROR] Ошибка get_k_n_student_short_list: ArgumentError
2026-01-12 22:28:19 [INFO] SQLite подключение установлено
2026-01-12 22:28:19 [INFO] Поиск студента по id=1
2026-01-12 22:28:19 [DEBUG] Найден студент: {:id=>1, :last_name=>"Иванов", :first_name=>"Иван", :phone=>"+79990001111", :email=>"ivan@example.com", :git=>"https://github.com/ivanov"}
2026-01-12 22:28:19 [INFO] Получение списка студентов k=1, n=4
2026-01-12 22:28:19 [ERROR] Ошибка get_k_n_student_short_list: ArgumentError
2026-01-12 22:28:25 [INFO] SQLite подключение установлено
2026-01-12 22:28:25 [INFO] Поиск студента по id=1
2026-01-12 22:28:25 [DEBUG] Найден студент: {:id=>1, :last_name=>"Иванов", :first_name=>"Иван", :phone=>"+79990001111", :email=>"ivan@example.com", :git=>"https://github.com/ivanov"}
2026-01-12 22:28:25 [INFO] Получение списка студентов k=1, n=4
2026-01-12 22:28:25 [ERROR] Ошибка get_k_n_student_short_list: ArgumentError
2026-01-12 22:33:27 [INFO] SQLite подключение установлено
2026-01-12 22:33:27 [INFO] Поиск студента по id=1
2026-01-12 22:33:27 [DEBUG] Найден студент: {:id=>1, :last_name=>"Иванов", :first_name=>"Иван", :phone=>"+79990001111", :email=>"ivan@example.com", :git=>"https://github.com/ivanov"}
2026-01-12 22:33:27 [INFO] Получение списка студентов k=1, n=4
2026-01-12 22:33:27 [ERROR] Ошибка get_k_n_student_short_list: ArgumentError
2026-01-12 22:51:58 [INFO] SQLite подключение установлено
2026-01-12 22:51:58 [INFO] Поиск студента по id=1
2026-01-12 22:51:58 [DEBUG] Найден студент: {:id=>1, :last_name=>"Иванов", :first_name=>"Иван", :phone=>"+79990001111", :email=>"ivan@example.com", :git=>"https://github.com/ivanov"}
2026-01-12 22:51:58 [INFO] Получение списка студентов k=1, n=4
2026-01-12 22:51:58 [ERROR] Ошибка get_k_n_student_short_list: ArgumentError
2026-01-12 22:52:45 [INFO] SQLite подключение установлено
2026-01-12 22:52:45 [INFO] Поиск студента по id=1
2026-01-12 22:52:45 [DEBUG] Найден студент: {:id=>1, :last_name=>"Иванов", :first_name=>"Иван", :phone=>"+79990001111", :email=>"ivan@example.com", :git=>"https://github.com/ivanov"}
2026-01-12 22:52:45 [INFO] Получение списка студентов k=1, n=4
2026-01-12 22:52:45 [ERROR] Ошибка get_k_n_student_short_list: ArgumentError
2026-01-12 22:57:49 [INFO] SQLite подключение установлено
2026-01-12 22:59:09 [INFO] SQLite подключение установлено
2026-01-12 23:00:01 [INFO] SQLite подключение установлено
2026-01-12 23:03:25 [INFO] SQLite подключение установлено
2026-01-12 23:03:25 [INFO] Добавление студента: Фамилия и инициалы: Иванов И. И.
2026-01-12 23:03:25 [ERROR] Ошибка в add_student: ArgumentError
2026-01-13 13:36:37 [INFO] SQLite подключение установлено
2026-01-13 13:36:37 [INFO] Добавление студента: Фамилия и инициалы: Иванов И. И.
2026-01-13 13:36:37 [ERROR] Ошибка в add_student: ArgumentError
2026-01-13 13:46:09 [INFO] SQLite подключение установлено
2026-01-13 13:46:09 [INFO] Добавление студента: Фамилия и инициалы: Иванов И. И.
2026-01-13 13:46:09 [DEBUG] Студент успешно добавлен
2026-01-13 13:46:09 [INFO] Поиск студента по id=1
2026-01-13 13:46:09 [DEBUG] Найден студент: {:id=>1, :last_name=>"Иванов", :first_name=>"Иван", :phone=>"+79990001111", :email=>"ivan@example.com", :git=>"https://github.com/ivanov"}
2026-01-13 13:46:09 [INFO] Получение списка студентов k=1, n=4
2026-01-13 13:46:09 [ERROR] Ошибка get_k_n_student_short_list: ArgumentError
2026-01-13 13:51:03 [INFO] SQLite подключение установлено
2026-01-13 13:51:03 [INFO] Добавление студента: Фамилия и инициалы: Иванов И. И.
2026-01-13 13:51:03 [DEBUG] Студент успешно добавлен
2026-01-13 13:51:03 [INFO] Поиск студента по id=1
2026-01-13 13:51:03 [DEBUG] Найден студент: {:id=>1, :last_name=>"Иванов", :first_name=>"Иван", :phone=>"+79990001111", :email=>"ivan@example.com", :git=>"https://github.com/ivanov"}
2026-01-13 13:51:03 [INFO] Получение списка студентов k=1, n=4
2026-01-13 13:51:03 [ERROR] Ошибка get_k_n_student_short_list: ArgumentError
2026-01-13 13:59:34 [INFO] SQLite подключение установлено
2026-01-13 13:59:34 [INFO] Добавление студента: Фамилия и инициалы: Галустянов Г. Г.
2026-01-13 13:59:34 [DEBUG] Студент успешно добавлен
2026-01-13 14:00:15 [INFO] SQLite подключение установлено
2026-01-13 14:00:15 [INFO] Добавление студента: Фамилия и инициалы: Иванов И., Контакт: phone - +79990001111
2026-01-13 14:00:15 [ERROR] Ошибка в add_student: Ошибка уникальности студента
2026-01-13 14:00:46 [INFO] SQLite подключение установлено
2026-01-13 14:00:46 [INFO] Добавление студента: Фамилия и инициалы: Грибов Г., Контакт: phone - +79990001111
2026-01-13 14:00:46 [ERROR] Ошибка в add_student: Ошибка уникальности студента
2026-01-13 14:01:03 [INFO] SQLite подключение установлено
2026-01-13 14:01:20 [INFO] SQLite подключение установлено
2026-01-13 14:01:20 [INFO] Поиск студента по id=1
2026-01-13 14:01:20 [DEBUG] Найден студент: {:id=>1, :last_name=>"Иванов", :first_name=>"Иван", :phone=>"+79990001111", :email=>"ivan@example.com", :git=>"https://github.com/ivanov"}
2026-01-13 14:01:37 [INFO] SQLite подключение установлено
2026-01-13 14:01:37 [INFO] Получение списка студентов k=1, n=5
2026-01-13 14:03:48 [INFO] SQLite подключение установлено
2026-01-13 14:03:48 [INFO] Обновление студента id=3
2026-01-13 14:03:48 [DEBUG] Студент id=3 обновлён
2026-01-13 14:04:25 [INFO] SQLite подключение установлено
2026-01-13 14:04:25 [INFO] Удаление студента id=4
2026-01-13 14:04:25 [DEBUG] Студент id=4 удалён
2026-01-13 14:10:02 [INFO] SQLite подключение установлено
2026-01-13 14:10:02 [INFO] Получение списка студентов k=1, n=5
2026-01-13 14:10:11 [INFO] SQLite подключение установлено
2026-01-13 14:10:11 [INFO] Получение списка студентов k=5, n=1
2026-01-13 14:13:13 [INFO] SQLite подключение установлено
2026-01-13 14:13:13 [INFO] Добавление студента: Фамилия и инициалы: Галустянов Г. Г.
2026-01-13 14:13:13 [DEBUG] Студент успешно добавлен
2026-01-13 14:13:13 [INFO] Добавление студента: Фамилия и инициалы: Грибов Г., Контакт: phone - +79990001111
2026-01-13 14:13:13 [ERROR] Ошибка в add_student: Ошибка уникальности студента
2026-01-13 14:13:42 [INFO] SQLite подключение установлено
2026-01-13 14:13:42 [INFO] Поиск студента по id=1
2026-01-13 14:13:42 [DEBUG] Найден студент: {:id=>1, :last_name=>"Иванов", :first_name=>"Иван", :phone=>"+79990001111", :email=>"ivan@example.com", :git=>"https://github.com/ivanov"}
2026-01-13 14:13:42 [INFO] Получение списка студентов k=5, n=1
2026-01-13 14:13:42 [INFO] Обновление студента id=3
2026-01-13 14:13:42 [DEBUG] Студент id=3 обновлён
2026-01-13 14:13:42 [INFO] Удаление студента id=4
2026-01-13 14:13:42 [DEBUG] Студент id=4 удалён
